// Jest Snapshot v1, https://goo.gl/fbAQLP

exports[`ArtistAlbum should render correctly 1`] = `ShallowWrapper {}`;
