// Jest Snapshot v1, https://goo.gl/fbAQLP

exports[`Menu should render correctly 1`] = `ShallowWrapper {}`;
