// Jest Snapshot v1, https://goo.gl/fbAQLP

exports[`LightMode should render correctly 1`] = `ShallowWrapper {}`;
